Using launch settings from D:\Rafedd-master\Rafedd\Properties\launchSettings.json...
warn: Microsoft.AspNetCore.StaticFiles.StaticFileMiddleware[16]
      The WebRootPath was not found: D:\Rafedd-master\Rafedd\wwwroot. Static files may be unavailable.
info: Microsoft.Hosting.Lifetime[14]
      Now listening on: http://localhost:5041
info: Hangfire.BackgroundJobServer[0]
      Starting Hangfire Server using job storage: 'Hangfire.MemoryStorage.MemoryStorage'
info: Hangfire.BackgroundJobServer[0]
      Using the following options for Hangfire Server:
          Worker count: 20
          Listening queues: 'default'
          Shutdown timeout: 00:00:15
          Schedule polling interval: 00:00:15
info: Microsoft.Hosting.Lifetime[0]
      Application started. Press Ctrl+C to shut down.
info: Microsoft.Hosting.Lifetime[0]
      Hosting environment: Development
info: Microsoft.Hosting.Lifetime[0]
      Content root path: D:\Rafedd-master\Rafedd
info: Hangfire.Server.BackgroundServerProcess[0]
      Server vv-cai-technica:8076:2869e818 successfully announced in 3.9655 ms
info: Hangfire.Server.BackgroundServerProcess[0]
      Server vv-cai-technica:8076:2869e818 is starting the registered dispatchers: ServerWatchdog, ServerJobCancellationWatcher, ExpirationManager, CountersAggregator, Worker, DelayedJobScheduler, RecurringJobScheduler...
info: Hangfire.Server.BackgroundServerProcess[0]
      Server vv-cai-technica:8076:2869e818 all the dispatchers started
warn: Microsoft.AspNetCore.HttpsPolicy.HttpsRedirectionMiddleware[3]
      Failed to determine the https port for redirect.
warn: Microsoft.EntityFrameworkCore.Model.Validation[10622]
      Entity 'ApplicationUser' has a global query filter defined and is the required end of a relationship with the entity 'AnnualTarget'. This may lead to unexpected results when the required entity is filtered out. Either configure the navigation as optional, or define matching query filters for both entities in the navigation. See https://go.microsoft.com/fwlink/?linkid=2131316 for more information.
warn: Microsoft.EntityFrameworkCore.Model.Validation[10622]
      Entity 'ApplicationUser' has a global query filter defined and is the required end of a relationship with the entity 'Admin'. This may lead to unexpected results when the required entity is filtered out. Either configure the navigation as optional, or define matching query filters for both entities in the navigation. See https://go.microsoft.com/fwlink/?linkid=2131316 for more information.
warn: Microsoft.EntityFrameworkCore.Model.Validation[10622]
      Entity 'Employee' has a global query filter defined and is the required end of a relationship with the entity 'ImportantNote'. This may lead to unexpected results when the required entity is filtered out. Either configure the navigation as optional, or define matching query filters for both entities in the navigation. See https://go.microsoft.com/fwlink/?linkid=2131316 for more information.
warn: Microsoft.EntityFrameworkCore.Model.Validation[10622]
      Entity 'ApplicationUser' has a global query filter defined and is the required end of a relationship with the entity 'Notification'. This may lead to unexpected results when the required entity is filtered out. Either configure the navigation as optional, or define matching query filters for both entities in the navigation. See https://go.microsoft.com/fwlink/?linkid=2131316 for more information.
warn: Microsoft.EntityFrameworkCore.Model.Validation[10622]
      Entity 'ApplicationUser' has a global query filter defined and is the required end of a relationship with the entity 'UserActivity'. This may lead to unexpected results when the required entity is filtered out. Either configure the navigation as optional, or define matching query filters for both entities in the navigation. See https://go.microsoft.com/fwlink/?linkid=2131316 for more information.
warn: Microsoft.EntityFrameworkCore.Model.Validation[10622]
      Entity 'ApplicationUser' has a global query filter defined and is the required end of a relationship with the entity 'PaymentMethod'. This may lead to unexpected results when the required entity is filtered out. Either configure the navigation as optional, or define matching query filters for both entities in the navigation. See https://go.microsoft.com/fwlink/?linkid=2131316 for more information.
warn: Microsoft.EntityFrameworkCore.Model.Validation[10622]
      Entity 'Manager' has a global query filter defined and is the required end of a relationship with the entity 'Subscription'. This may lead to unexpected results when the required entity is filtered out. Either configure the navigation as optional, or define matching query filters for both entities in the navigation. See https://go.microsoft.com/fwlink/?linkid=2131316 for more information.
warn: Microsoft.EntityFrameworkCore.Model.Validation[10622]
      Entity 'Employee' has a global query filter defined and is the required end of a relationship with the entity 'Suggestion'. This may lead to unexpected results when the required entity is filtered out. Either configure the navigation as optional, or define matching query filters for both entities in the navigation. See https://go.microsoft.com/fwlink/?linkid=2131316 for more information.
warn: Microsoft.EntityFrameworkCore.Model.Validation[10622]
      Entity 'ApplicationUser' has a global query filter defined and is the required end of a relationship with the entity 'TaskAssignment'. This may lead to unexpected results when the required entity is filtered out. Either configure the navigation as optional, or define matching query filters for both entities in the navigation. See https://go.microsoft.com/fwlink/?linkid=2131316 for more information.
warn: Microsoft.EntityFrameworkCore.Model.Validation[10622]
      Entity 'ApplicationUser' has a global query filter defined and is the required end of a relationship with the entity 'TaskItem'. This may lead to unexpected results when the required entity is filtered out. Either configure the navigation as optional, or define matching query filters for both entities in the navigation. See https://go.microsoft.com/fwlink/?linkid=2131316 for more information.
warn: Microsoft.EntityFrameworkCore.Model.Validation[10622]
      Entity 'Employee' has a global query filter defined and is the required end of a relationship with the entity 'TaskReport'. This may lead to unexpected results when the required entity is filtered out. Either configure the navigation as optional, or define matching query filters for both entities in the navigation. See https://go.microsoft.com/fwlink/?linkid=2131316 for more information.
warn: Microsoft.EntityFrameworkCore.Model.Validation[10622]
      Entity 'ApplicationUser' has a global query filter defined and is the required end of a relationship with the entity 'UserSettings'. This may lead to unexpected results when the required entity is filtered out. Either configure the navigation as optional, or define matching query filters for both entities in the navigation. See https://go.microsoft.com/fwlink/?linkid=2131316 for more information.
warn: Microsoft.EntityFrameworkCore.Model.Validation[10622]
      Entity 'Employee' has a global query filter defined and is the required end of a relationship with the entity 'WeeklyCost'. This may lead to unexpected results when the required entity is filtered out. Either configure the navigation as optional, or define matching query filters for both entities in the navigation. See https://go.microsoft.com/fwlink/?linkid=2131316 for more information.
info: Rafedd.Controllers.PaymentController[0]
      MyFatoorah callback received from IP: ::1, InvoiceId: 6343262
info: Microsoft.EntityFrameworkCore.Database.Command[20101]
      Executed DbCommand (212ms) [Parameters=[@__transactionId_0='?' (Size = 450)], CommandType='Text', CommandTimeout='30']
      SELECT TOP(1) [p].[Id], [p].[Amount], [p].[CreatedAt], [p].[Currency], [p].[Description], [p].[FailedAt], [p].[InvoiceId], [p].[Metadata], [p].[PaidAt], [p].[PaymentMethodId], [p].[PaymentMethodName], [p].[RefundedAt], [p].[Status], [p].[SubscriptionId], [p].[TransactionId], [p].[Type], [p].[UserId], [s].[Id], [s].[AutoRenew], [s].[EndDate], [s].[IsActive], [s].[ManagerId], [s].[StartDate], [s].[SubscriptionPlanId], [t].[Id], [t].[BusinessDescription], [t].[BusinessType], [t].[CompanyName], [t].[CreatedAt], [t].[IsActive], [t].[SubscriptionEndsAt], [t].[SubscriptionId], [t].[UpdatedAt], [t].[UserId], [t0].[Id], [t0].[AccessFailedCount], [t0].[ConcurrencyStamp], [t0].[CreatedAt], [t0].[Email], [t0].[EmailConfirmed], [t0].[FullName], [t0].[IsActive], [t0].[LockoutEnabled], [t0].[LockoutEnd], [t0].[NormalizedEmail], [t0].[NormalizedUserName], [t0].[PasswordHash], [t0].[PhoneNumber], [t0].[PhoneNumberConfirmed], [t0].[SecurityStamp], [t0].[TwoFactorEnabled], [t0].[UpdatedAt], [t0].[UserName]
      FROM [Payments] AS [p]
      LEFT JOIN [Subscriptions] AS [s] ON [p].[SubscriptionId] = [s].[Id]
      LEFT JOIN (
          SELECT [m].[Id], [m].[BusinessDescription], [m].[BusinessType], [m].[CompanyName], [m].[CreatedAt], [m].[IsActive], [m].[SubscriptionEndsAt], [m].[SubscriptionId], [m].[UpdatedAt], [m].[UserId]
          FROM [Managers] AS [m]
          WHERE [m].[IsActive] = CAST(1 AS bit)
      ) AS [t] ON [s].[ManagerId] = [t].[Id]
      LEFT JOIN (
          SELECT [a].[Id], [a].[AccessFailedCount], [a].[ConcurrencyStamp], [a].[CreatedAt], [a].[Email], [a].[EmailConfirmed], [a].[FullName], [a].[IsActive], [a].[LockoutEnabled], [a].[LockoutEnd], [a].[NormalizedEmail], [a].[NormalizedUserName], [a].[PasswordHash], [a].[PhoneNumber], [a].[PhoneNumberConfirmed], [a].[SecurityStamp], [a].[TwoFactorEnabled], [a].[UpdatedAt], [a].[UserName]
          FROM [AspNetUsers] AS [a]
          WHERE [a].[IsActive] = CAST(1 AS bit)
      ) AS [t0] ON [t].[UserId] = [t0].[Id]
      WHERE [p].[TransactionId] = @__transactionId_0
info: System.Net.Http.HttpClient.Default.LogicalHandler[100]
      Start processing HTTP request GET https://apitest.myfatoorah.com/v2/GetPaymentStatus?Key=07076343262319464973&KeyType=PaymentId
info: System.Net.Http.HttpClient.Default.ClientHandler[100]
      Sending HTTP request GET https://apitest.myfatoorah.com/v2/GetPaymentStatus?Key=07076343262319464973&KeyType=PaymentId
info: System.Net.Http.HttpClient.Default.ClientHandler[101]
      Received HTTP response headers after 728.1401ms - 405
info: System.Net.Http.HttpClient.Default.LogicalHandler[101]
      End processing HTTP request after 749.23ms - 405
info: System.Net.Http.HttpClient.Default.LogicalHandler[100]
      Start processing HTTP request GET https://apitest.myfatoorah.com/v2/GetPaymentStatus?Key=6343262&KeyType=InvoiceId
info: System.Net.Http.HttpClient.Default.ClientHandler[100]
      Sending HTTP request GET https://apitest.myfatoorah.com/v2/GetPaymentStatus?Key=6343262&KeyType=InvoiceId
info: System.Net.Http.HttpClient.Default.ClientHandler[101]
      Received HTTP response headers after 122.0057ms - 405
info: System.Net.Http.HttpClient.Default.LogicalHandler[101]
      End processing HTTP request after 122.2967ms - 405
fail: BLL.Service.PaymentService[0]
      Error handling My Fatoorah callback
      System.Net.Http.HttpRequestException: Response status code does not indicate success: 405 (Method Not Allowed).
         at System.Net.Http.HttpResponseMessage.EnsureSuccessStatusCode()
         at BLL.Service.PaymentService.HandleMyFatoorahCallbackAsync(String paymentId, String invoiceId) in d:\Rafedd-master\BLL\Service\PaymentService.cs:line 329
