Using launch settings from D:\Rafedd-master\Rafedd\Properties\launchSettings.json...
warn: Microsoft.AspNetCore.StaticFiles.StaticFileMiddleware[16]
      The WebRootPath was not found: D:\Rafedd-master\Rafedd\wwwroot. Static files may be unavailable.
info: Microsoft.Hosting.Lifetime[14]
      Now listening on: http://localhost:5041
info: Hangfire.BackgroundJobServer[0]
      Starting Hangfire Server using job storage: 'Hangfire.MemoryStorage.MemoryStorage'
info: Hangfire.BackgroundJobServer[0]
      Using the following options for Hangfire Server:
          Worker count: 20
          Listening queues: 'default'
          Shutdown timeout: 00:00:15
          Schedule polling interval: 00:00:15
info: Microsoft.Hosting.Lifetime[0]
      Application started. Press Ctrl+C to shut down.
info: Microsoft.Hosting.Lifetime[0]
      Hosting environment: Development
info: Microsoft.Hosting.Lifetime[0]
      Content root path: D:\Rafedd-master\Rafedd
info: Hangfire.Server.BackgroundServerProcess[0]
      Server vv-cai-technica:35928:ce91b560 successfully announced in 3.6546 ms
info: Hangfire.Server.BackgroundServerProcess[0]
      Server vv-cai-technica:35928:ce91b560 is starting the registered dispatchers: ServerWatchdog, ServerJobCancellationWatcher, ExpirationManager, CountersAggregator, Worker, DelayedJobScheduler, RecurringJobScheduler...
info: Hangfire.Server.BackgroundServerProcess[0]
      Server vv-cai-technica:35928:ce91b560 all the dispatchers started
warn: Microsoft.AspNetCore.HttpsPolicy.HttpsRedirectionMiddleware[3]
      Failed to determine the https port for redirect.
warn: Microsoft.EntityFrameworkCore.Model.Validation[10622]
      Entity 'ApplicationUser' has a global query filter defined and is the required end of a relationship with the entity 'AnnualTarget'. This may lead to unexpected results when the required entity is filtered out. Either configure the navigation as optional, or define matching query filters for both entities in the navigation. See https://go.microsoft.com/fwlink/?linkid=2131316 for more information.
warn: Microsoft.EntityFrameworkCore.Model.Validation[10622]
      Entity 'ApplicationUser' has a global query filter defined and is the required end of a relationship with the entity 'Admin'. This may lead to unexpected results when the required entity is filtered out. Either configure the navigation as optional, or define matching query filters for both entities in the navigation. See https://go.microsoft.com/fwlink/?linkid=2131316 for more information.
warn: Microsoft.EntityFrameworkCore.Model.Validation[10622]
      Entity 'Employee' has a global query filter defined and is the required end of a relationship with the entity 'ImportantNote'. This may lead to unexpected results when the required entity is filtered out. Either configure the navigation as optional, or define matching query filters for both entities in the navigation. See https://go.microsoft.com/fwlink/?linkid=2131316 for more information.
warn: Microsoft.EntityFrameworkCore.Model.Validation[10622]
      Entity 'ApplicationUser' has a global query filter defined and is the required end of a relationship with the entity 'Notification'. This may lead to unexpected results when the required entity is filtered out. Either configure the navigation as optional, or define matching query filters for both entities in the navigation. See https://go.microsoft.com/fwlink/?linkid=2131316 for more information.
warn: Microsoft.EntityFrameworkCore.Model.Validation[10622]
      Entity 'ApplicationUser' has a global query filter defined and is the required end of a relationship with the entity 'UserActivity'. This may lead to unexpected results when the required entity is filtered out. Either configure the navigation as optional, or define matching query filters for both entities in the navigation. See https://go.microsoft.com/fwlink/?linkid=2131316 for more information.
warn: Microsoft.EntityFrameworkCore.Model.Validation[10622]
      Entity 'ApplicationUser' has a global query filter defined and is the required end of a relationship with the entity 'PaymentMethod'. This may lead to unexpected results when the required entity is filtered out. Either configure the navigation as optional, or define matching query filters for both entities in the navigation. See https://go.microsoft.com/fwlink/?linkid=2131316 for more information.
warn: Microsoft.EntityFrameworkCore.Model.Validation[10622]
      Entity 'Manager' has a global query filter defined and is the required end of a relationship with the entity 'Subscription'. This may lead to unexpected results when the required entity is filtered out. Either configure the navigation as optional, or define matching query filters for both entities in the navigation. See https://go.microsoft.com/fwlink/?linkid=2131316 for more information.
warn: Microsoft.EntityFrameworkCore.Model.Validation[10622]
      Entity 'Employee' has a global query filter defined and is the required end of a relationship with the entity 'Suggestion'. This may lead to unexpected results when the required entity is filtered out. Either configure the navigation as optional, or define matching query filters for both entities in the navigation. See https://go.microsoft.com/fwlink/?linkid=2131316 for more information.
warn: Microsoft.EntityFrameworkCore.Model.Validation[10622]
      Entity 'ApplicationUser' has a global query filter defined and is the required end of a relationship with the entity 'TaskAssignment'. This may lead to unexpected results when the required entity is filtered out. Either configure the navigation as optional, or define matching query filters for both entities in the navigation. See https://go.microsoft.com/fwlink/?linkid=2131316 for more information.
warn: Microsoft.EntityFrameworkCore.Model.Validation[10622]
      Entity 'ApplicationUser' has a global query filter defined and is the required end of a relationship with the entity 'TaskItem'. This may lead to unexpected results when the required entity is filtered out. Either configure the navigation as optional, or define matching query filters for both entities in the navigation. See https://go.microsoft.com/fwlink/?linkid=2131316 for more information.
warn: Microsoft.EntityFrameworkCore.Model.Validation[10622]
      Entity 'Employee' has a global query filter defined and is the required end of a relationship with the entity 'TaskReport'. This may lead to unexpected results when the required entity is filtered out. Either configure the navigation as optional, or define matching query filters for both entities in the navigation. See https://go.microsoft.com/fwlink/?linkid=2131316 for more information.
warn: Microsoft.EntityFrameworkCore.Model.Validation[10622]
      Entity 'ApplicationUser' has a global query filter defined and is the required end of a relationship with the entity 'UserSettings'. This may lead to unexpected results when the required entity is filtered out. Either configure the navigation as optional, or define matching query filters for both entities in the navigation. See https://go.microsoft.com/fwlink/?linkid=2131316 for more information.
warn: Microsoft.EntityFrameworkCore.Model.Validation[10622]
      Entity 'Employee' has a global query filter defined and is the required end of a relationship with the entity 'WeeklyCost'. This may lead to unexpected results when the required entity is filtered out. Either configure the navigation as optional, or define matching query filters for both entities in the navigation. See https://go.microsoft.com/fwlink/?linkid=2131316 for more information.
info: Microsoft.EntityFrameworkCore.Database.Command[20101]
      Executed DbCommand (32ms) [Parameters=[@__normalizedEmail_0='?' (Size = 256)], CommandType='Text', CommandTimeout='30']
      SELECT TOP(2) [a].[Id], [a].[AccessFailedCount], [a].[ConcurrencyStamp], [a].[CreatedAt], [a].[Email], [a].[EmailConfirmed], [a].[FullName], [a].[IsActive], [a].[LockoutEnabled], [a].[LockoutEnd], [a].[NormalizedEmail], [a].[NormalizedUserName], [a].[PasswordHash], [a].[PhoneNumber], [a].[PhoneNumberConfirmed], [a].[SecurityStamp], [a].[TwoFactorEnabled], [a].[UpdatedAt], [a].[UserName]
      FROM [AspNetUsers] AS [a]
      WHERE [a].[IsActive] = CAST(1 AS bit) AND [a].[NormalizedEmail] = @__normalizedEmail_0
info: Microsoft.EntityFrameworkCore.Database.Command[20101]
      Executed DbCommand (1ms) [Parameters=[@__userId_0='?' (Size = 450)], CommandType='Text', CommandTimeout='30']
      SELECT [a0].[Name]
      FROM [AspNetUserRoles] AS [a]
      INNER JOIN [AspNetRoles] AS [a0] ON [a].[RoleId] = [a0].[Id]
      WHERE [a].[UserId] = @__userId_0
info: Microsoft.EntityFrameworkCore.Database.Command[20101]
      Executed DbCommand (0ms) [Parameters=[@__userId_0='?' (Size = 450)], CommandType='Text', CommandTimeout='30']
      SELECT [a0].[Name]
      FROM [AspNetUserRoles] AS [a]
      INNER JOIN [AspNetRoles] AS [a0] ON [a].[RoleId] = [a0].[Id]
      WHERE [a].[UserId] = @__userId_0
info: Microsoft.EntityFrameworkCore.Database.Command[20101]
      Executed DbCommand (1ms) [Parameters=[@__userId_0='?' (Size = 450)], CommandType='Text', CommandTimeout='30']
      SELECT TOP(1) [m].[Id], [m].[BusinessDescription], [m].[BusinessType], [m].[CompanyName], [m].[CreatedAt], [m].[IsActive], [m].[SubscriptionEndsAt], [m].[SubscriptionId], [m].[UpdatedAt], [m].[UserId]
      FROM [Managers] AS [m]
      WHERE [m].[IsActive] = CAST(1 AS bit) AND [m].[UserId] = @__userId_0 AND [m].[IsActive] = CAST(1 AS bit)
info: Microsoft.EntityFrameworkCore.Database.Command[20101]
      Executed DbCommand (1ms) [Parameters=[@__managerId_0='?' (DbType = Int32)], CommandType='Text', CommandTimeout='30']
      SELECT TOP(1) [s].[Id], [s].[AutoRenew], [s].[EndDate], [s].[IsActive], [s].[ManagerId], [s].[StartDate], [s].[SubscriptionPlanId], [s0].[Id], [s0].[Description], [s0].[IsActive], [s0].[MaxEmployees], [s0].[Name], [s0].[PricePerMonth], [t].[Id], [t].[BusinessDescription], [t].[BusinessType], [t].[CompanyName], [t].[CreatedAt], [t].[IsActive], [t].[SubscriptionEndsAt], [t].[SubscriptionId], [t].[UpdatedAt], [t].[UserId], [t0].[Id], [t0].[AccessFailedCount], [t0].[ConcurrencyStamp], [t0].[CreatedAt], [t0].[Email], [t0].[EmailConfirmed], [t0].[FullName], [t0].[IsActive], [t0].[LockoutEnabled], [t0].[LockoutEnd], [t0].[NormalizedEmail], [t0].[NormalizedUserName], [t0].[PasswordHash], [t0].[PhoneNumber], [t0].[PhoneNumberConfirmed], [t0].[SecurityStamp], [t0].[TwoFactorEnabled], [t0].[UpdatedAt], [t0].[UserName]
      FROM [Subscriptions] AS [s]
      INNER JOIN [SubscriptionPlans] AS [s0] ON [s].[SubscriptionPlanId] = [s0].[Id]
      INNER JOIN (
          SELECT [m].[Id], [m].[BusinessDescription], [m].[BusinessType], [m].[CompanyName], [m].[CreatedAt], [m].[IsActive], [m].[SubscriptionEndsAt], [m].[SubscriptionId], [m].[UpdatedAt], [m].[UserId]
          FROM [Managers] AS [m]
          WHERE [m].[IsActive] = CAST(1 AS bit)
      ) AS [t] ON [s].[ManagerId] = [t].[Id]
      INNER JOIN (
          SELECT [a].[Id], [a].[AccessFailedCount], [a].[ConcurrencyStamp], [a].[CreatedAt], [a].[Email], [a].[EmailConfirmed], [a].[FullName], [a].[IsActive], [a].[LockoutEnabled], [a].[LockoutEnd], [a].[NormalizedEmail], [a].[NormalizedUserName], [a].[PasswordHash], [a].[PhoneNumber], [a].[PhoneNumberConfirmed], [a].[SecurityStamp], [a].[TwoFactorEnabled], [a].[UpdatedAt], [a].[UserName]
          FROM [AspNetUsers] AS [a]
          WHERE [a].[IsActive] = CAST(1 AS bit)
      ) AS [t0] ON [t].[UserId] = [t0].[Id]
      WHERE [s].[ManagerId] = @__managerId_0 AND [s].[IsActive] = CAST(1 AS bit)
info: Microsoft.EntityFrameworkCore.Database.Command[20101]
      Executed DbCommand (1ms) [Parameters=[@__managerUserId_0='?' (Size = 450)], CommandType='Text', CommandTimeout='30']
      SELECT COUNT(*)
      FROM [Employees] AS [e]
      WHERE [e].[IsActive] = CAST(1 AS bit) AND [e].[ManagerUserId] = @__managerUserId_0 AND [e].[IsActive] = CAST(1 AS bit)
info: Microsoft.EntityFrameworkCore.Database.Command[20101]
      Executed DbCommand (1ms) [Parameters=[@__id_0='?' (DbType = Int32)], CommandType='Text', CommandTimeout='30']
      SELECT TOP(1) [s].[Id], [s].[AutoRenew], [s].[EndDate], [s].[IsActive], [s].[ManagerId], [s].[StartDate], [s].[SubscriptionPlanId], [s0].[Id], [s0].[Description], [s0].[IsActive], [s0].[MaxEmployees], [s0].[Name], [s0].[PricePerMonth], [t].[Id], [t].[BusinessDescription], [t].[BusinessType], [t].[CompanyName], [t].[CreatedAt], [t].[IsActive], [t].[SubscriptionEndsAt], [t].[SubscriptionId], [t].[UpdatedAt], [t].[UserId], [t0].[Id], [t0].[AccessFailedCount], [t0].[ConcurrencyStamp], [t0].[CreatedAt], [t0].[Email], [t0].[EmailConfirmed], [t0].[FullName], [t0].[IsActive], [t0].[LockoutEnabled], [t0].[LockoutEnd], [t0].[NormalizedEmail], [t0].[NormalizedUserName], [t0].[PasswordHash], [t0].[PhoneNumber], [t0].[PhoneNumberConfirmed], [t0].[SecurityStamp], [t0].[TwoFactorEnabled], [t0].[UpdatedAt], [t0].[UserName]
      FROM [Subscriptions] AS [s]
      INNER JOIN [SubscriptionPlans] AS [s0] ON [s].[SubscriptionPlanId] = [s0].[Id]
      INNER JOIN (
          SELECT [m].[Id], [m].[BusinessDescription], [m].[BusinessType], [m].[CompanyName], [m].[CreatedAt], [m].[IsActive], [m].[SubscriptionEndsAt], [m].[SubscriptionId], [m].[UpdatedAt], [m].[UserId]
          FROM [Managers] AS [m]
          WHERE [m].[IsActive] = CAST(1 AS bit)
      ) AS [t] ON [s].[ManagerId] = [t].[Id]
      INNER JOIN (
          SELECT [a].[Id], [a].[AccessFailedCount], [a].[ConcurrencyStamp], [a].[CreatedAt], [a].[Email], [a].[EmailConfirmed], [a].[FullName], [a].[IsActive], [a].[LockoutEnabled], [a].[LockoutEnd], [a].[NormalizedEmail], [a].[NormalizedUserName], [a].[PasswordHash], [a].[PhoneNumber], [a].[PhoneNumberConfirmed], [a].[SecurityStamp], [a].[TwoFactorEnabled], [a].[UpdatedAt], [a].[UserName]
          FROM [AspNetUsers] AS [a]
          WHERE [a].[IsActive] = CAST(1 AS bit)
      ) AS [t0] ON [t].[UserId] = [t0].[Id]
      WHERE [s].[Id] = @__id_0
info: System.Net.Http.HttpClient.Default.LogicalHandler[100]
      Start processing HTTP request POST https://apitest.myfatoorah.com/v2/InitiatePayment
info: System.Net.Http.HttpClient.Default.ClientHandler[100]
      Sending HTTP request POST https://apitest.myfatoorah.com/v2/InitiatePayment
info: System.Net.Http.HttpClient.Default.ClientHandler[101]
      Received HTTP response headers after 1790.8717ms - 200
info: System.Net.Http.HttpClient.Default.LogicalHandler[101]
      End processing HTTP request after 1796.5282ms - 200
info: BLL.Service.PaymentService[0]
      MyFatoorah ExecutePayment Request: {"PaymentMethodId":6,"InvoiceValue":10.0,"CallBackUrl":"https://webhook.site/8a3c4e5f-9b7d-4c2a-a1e6-3f8d9c2b1a0e/api/v1/payment/myfatoorah/callback","ErrorUrl":"https://webhook.site/8a3c4e5f-9b7d-4c2a-a1e6-3f8d9c2b1a0e/api/v1/payment/myfatoorah/error","CustomerName":"Manager","CustomerEmail":"manager@rafeed.com","Language":"en","DisplayCurrencyIso":"KWD"}
info: System.Net.Http.HttpClient.Default.LogicalHandler[100]
      Start processing HTTP request POST https://apitest.myfatoorah.com/v2/ExecutePayment
info: System.Net.Http.HttpClient.Default.ClientHandler[100]
      Sending HTTP request POST https://apitest.myfatoorah.com/v2/ExecutePayment
info: System.Net.Http.HttpClient.Default.ClientHandler[101]
      Received HTTP response headers after 261.5434ms - 200
info: System.Net.Http.HttpClient.Default.LogicalHandler[101]
      End processing HTTP request after 261.6245ms - 200
info: Microsoft.EntityFrameworkCore.Database.Command[20101]
      Executed DbCommand (6ms) [Parameters=[@p0='?' (Precision = 18) (Scale = 2) (DbType = Decimal), @p1='?' (DbType = DateTime2), @p2='?' (Size = 4000), @p3='?' (Size = 200), @p4='?' (DbType = DateTime2), @p5='?' (DbType = Int32), @p6='?' (Size = 4000), @p7='?' (DbType = DateTime2), @p8='?' (DbType = Int32), @p9='?' (Size = 100), @p10='?' (DbType = DateTime2), @p11='?' (Size = 50), @p12='?' (DbType = Int32), @p13='?' (Size = 450), @p14='?' (Size = 50), @p15='?' (Size = 450)], CommandType='Text', CommandTimeout='30']
      SET IMPLICIT_TRANSACTIONS OFF;
      SET NOCOUNT ON;
      INSERT INTO [Payments] ([Amount], [CreatedAt], [Currency], [Description], [FailedAt], [InvoiceId], [Metadata], [PaidAt], [PaymentMethodId], [PaymentMethodName], [RefundedAt], [Status], [SubscriptionId], [TransactionId], [Type], [UserId])
      OUTPUT INSERTED.[Id]
      VALUES (@p0, @p1, @p2, @p3, @p4, @p5, @p6, @p7, @p8, @p9, @p10, @p11, @p12, @p13, @p14, @p15);
info: BLL.Service.PaymentService[0]
      Initiated My Fatoorah payment: Invoice 6343262 for Subscription: 1
